// Jest Snapshot v1, https://goo.gl/fbAQLP

exports[`App Shows the display 1`] = `
<Fragment>
  <Responsive
    getWidth={[Function]}
    minWidth={768}
  >
    <Connect(DesktopDisplay) />
  </Responsive>
  <Responsive
    getWidth={[Function]}
    maxWidth={767}
  >
    <Connect(MobileDisplay) />
  </Responsive>
</Fragment>
`;
